t/15-indicator.rpgle:8:3: warning: indicator '*INLR' is not allowed [-Windicator]
   *INLR = *ON;
   ^
