t/32-unused-subroutine.rpgle:9:7: warning: 'shouldFail' defined but not used [-Wunused-subroutine]
 begsr shouldFail;
       ^
